OK|9701|11|2019|s|qp|/Users/sora/Miscellaneous/02 Education/~~ AI Workflow/stem-tutor/sources/papers/9701/2019/s/9701_s19_qp_11.pdf|https://pastpapers.papacambridge.com/directories/CAIE/CAIE-pastpapers/upload/9701_s19_qp_11.pdf|325015
OK|9701|11|2019|s|ms|/Users/sora/Miscellaneous/02 Education/~~ AI Workflow/stem-tutor/sources/papers/9701/2019/s/9701_s19_ms_11.pdf|https://pastpapers.papacambridge.com/directories/CAIE/CAIE-pastpapers/upload/9701_s19_ms_11.pdf|99389
OK|9701|12|2019|s|qp|/Users/sora/Miscellaneous/02 Education/~~ AI Workflow/stem-tutor/sources/papers/9701/2019/s/9701_s19_qp_12.pdf|https://pastpapers.papacambridge.com/directories/CAIE/CAIE-pastpapers/upload/9701_s19_qp_12.pdf|324158
OK|9701|12|2019|s|ms|/Users/sora/Miscellaneous/02 Education/~~ AI Workflow/stem-tutor/sources/papers/9701/2019/s/9701_s19_ms_12.pdf|https://pastpapers.papacambridge.com/directories/CAIE/CAIE-pastpapers/upload/9701_s19_ms_12.pdf|99373
OK|9701|13|2019|s|qp|/Users/sora/Miscellaneous/02 Education/~~ AI Workflow/stem-tutor/sources/papers/9701/2019/s/9701_s19_qp_13.pdf|https://pastpapers.papacambridge.com/directories/CAIE/CAIE-pastpapers/upload/9701_s19_qp_13.pdf|340792
OK|9701|13|2019|s|ms|/Users/sora/Miscellaneous/02 Education/~~ AI Workflow/stem-tutor/sources/papers/9701/2019/s/9701_s19_ms_13.pdf|https://pastpapers.papacambridge.com/directories/CAIE/CAIE-pastpapers/upload/9701_s19_ms_13.pdf|99390
OK|9701|22|2019|s|qp|/Users/sora/Miscellaneous/02 Education/~~ AI Workflow/stem-tutor/sources/papers/9701/2019/s/9701_s19_qp_22.pdf|https://pastpapers.papacambridge.com/directories/CAIE/CAIE-pastpapers/upload/9701_s19_qp_22.pdf|1135955
OK|9701|22|2019|s|ms|/Users/sora/Miscellaneous/02 Education/~~ AI Workflow/stem-tutor/sources/papers/9701/2019/s/9701_s19_ms_22.pdf|https://pastpapers.papacambridge.com/directories/CAIE/CAIE-pastpapers/upload/9701_s19_ms_22.pdf|249626
OK|9701|33|2019|s|qp|/Users/sora/Miscellaneous/02 Education/~~ AI Workflow/stem-tutor/sources/papers/9701/2019/s/9701_s19_qp_33.pdf|https://pastpapers.papacambridge.com/directories/CAIE/CAIE-pastpapers/upload/9701_s19_qp_33.pdf|1229093
OK|9701|33|2019|s|ms|/Users/sora/Miscellaneous/02 Education/~~ AI Workflow/stem-tutor/sources/papers/9701/2019/s/9701_s19_ms_33.pdf|https://pastpapers.papacambridge.com/directories/CAIE/CAIE-pastpapers/upload/9701_s19_ms_33.pdf|193772
OK|9701|33|2019|s|ci|/Users/sora/Miscellaneous/02 Education/~~ AI Workflow/stem-tutor/sources/papers/9701/2019/s/9701_s19_ci_33.pdf|https://pastpapers.papacambridge.com/directories/CAIE/CAIE-pastpapers/upload/9701_s19_ci_33.pdf|1099109
OK|9701|34|2019|s|qp|/Users/sora/Miscellaneous/02 Education/~~ AI Workflow/stem-tutor/sources/papers/9701/2019/s/9701_s19_qp_34.pdf|https://pastpapers.papacambridge.com/directories/CAIE/CAIE-pastpapers/upload/9701_s19_qp_34.pdf|1214597
OK|9701|34|2019|s|ms|/Users/sora/Miscellaneous/02 Education/~~ AI Workflow/stem-tutor/sources/papers/9701/2019/s/9701_s19_ms_34.pdf|https://pastpapers.papacambridge.com/directories/CAIE/CAIE-pastpapers/upload/9701_s19_ms_34.pdf|248269
OK|9701|34|2019|s|ci|/Users/sora/Miscellaneous/02 Education/~~ AI Workflow/stem-tutor/sources/papers/9701/2019/s/9701_s19_ci_34.pdf|https://pastpapers.papacambridge.com/directories/CAIE/CAIE-pastpapers/upload/9701_s19_ci_34.pdf|864524
OK|9701||2019|s|er|/Users/sora/Miscellaneous/02 Education/~~ AI Workflow/stem-tutor/sources/papers/9701/2019/s/9701_s19_er.pdf|https://pastpapers.papacambridge.com/directories/CAIE/CAIE-pastpapers/upload/9701_s19_er.pdf|4214480
OK|9701||2019|s|gt|/Users/sora/Miscellaneous/02 Education/~~ AI Workflow/stem-tutor/sources/papers/9701/2019/s/9701_s19_gt.pdf|https://pastpapers.papacambridge.com/directories/CAIE/CAIE-pastpapers/upload/9701_s19_gt.pdf|125132
OK|9701|11|2019|w|qp|/Users/sora/Miscellaneous/02 Education/~~ AI Workflow/stem-tutor/sources/papers/9701/2019/w/9701_w19_qp_11.pdf|https://pastpapers.papacambridge.com/directories/CAIE/CAIE-pastpapers/upload/9701_w19_qp_11.pdf|349731
OK|9701|11|2019|w|ms|/Users/sora/Miscellaneous/02 Education/~~ AI Workflow/stem-tutor/sources/papers/9701/2019/w/9701_w19_ms_11.pdf|https://pastpapers.papacambridge.com/directories/CAIE/CAIE-pastpapers/upload/9701_w19_ms_11.pdf|99626
OK|9701|12|2019|w|qp|/Users/sora/Miscellaneous/02 Education/~~ AI Workflow/stem-tutor/sources/papers/9701/2019/w/9701_w19_qp_12.pdf|https://pastpapers.papacambridge.com/directories/CAIE/CAIE-pastpapers/upload/9701_w19_qp_12.pdf|329941
OK|9701|12|2019|w|ms|/Users/sora/Miscellaneous/02 Education/~~ AI Workflow/stem-tutor/sources/papers/9701/2019/w/9701_w19_ms_12.pdf|https://pastpapers.papacambridge.com/directories/CAIE/CAIE-pastpapers/upload/9701_w19_ms_12.pdf|99583
OK|9701|13|2019|w|qp|/Users/sora/Miscellaneous/02 Education/~~ AI Workflow/stem-tutor/sources/papers/9701/2019/w/9701_w19_qp_13.pdf|https://pastpapers.papacambridge.com/directories/CAIE/CAIE-pastpapers/upload/9701_w19_qp_13.pdf|386546
OK|9701|13|2019|w|ms|/Users/sora/Miscellaneous/02 Education/~~ AI Workflow/stem-tutor/sources/papers/9701/2019/w/9701_w19_ms_13.pdf|https://pastpapers.papacambridge.com/directories/CAIE/CAIE-pastpapers/upload/9701_w19_ms_13.pdf|114358
OK|9701|22|2019|w|qp|/Users/sora/Miscellaneous/02 Education/~~ AI Workflow/stem-tutor/sources/papers/9701/2019/w/9701_w19_qp_22.pdf|https://pastpapers.papacambridge.com/directories/CAIE/CAIE-pastpapers/upload/9701_w19_qp_22.pdf|1384429
OK|9701|22|2019|w|ms|/Users/sora/Miscellaneous/02 Education/~~ AI Workflow/stem-tutor/sources/papers/9701/2019/w/9701_w19_ms_22.pdf|https://pastpapers.papacambridge.com/directories/CAIE/CAIE-pastpapers/upload/9701_w19_ms_22.pdf|225810
OK|9701|33|2019|w|qp|/Users/sora/Miscellaneous/02 Education/~~ AI Workflow/stem-tutor/sources/papers/9701/2019/w/9701_w19_qp_33.pdf|https://pastpapers.papacambridge.com/directories/CAIE/CAIE-pastpapers/upload/9701_w19_qp_33.pdf|877379
OK|9701|33|2019|w|ms|/Users/sora/Miscellaneous/02 Education/~~ AI Workflow/stem-tutor/sources/papers/9701/2019/w/9701_w19_ms_33.pdf|https://pastpapers.papacambridge.com/directories/CAIE/CAIE-pastpapers/upload/9701_w19_ms_33.pdf|250116
OK|9701|33|2019|w|ci|/Users/sora/Miscellaneous/02 Education/~~ AI Workflow/stem-tutor/sources/papers/9701/2019/w/9701_w19_ci_33.pdf|https://pastpapers.papacambridge.com/directories/CAIE/CAIE-pastpapers/upload/9701_w19_ci_33.pdf|831051
OK|9701|34|2019|w|qp|/Users/sora/Miscellaneous/02 Education/~~ AI Workflow/stem-tutor/sources/papers/9701/2019/w/9701_w19_qp_34.pdf|https://pastpapers.papacambridge.com/directories/CAIE/CAIE-pastpapers/upload/9701_w19_qp_34.pdf|1222319
OK|9701|34|2019|w|ms|/Users/sora/Miscellaneous/02 Education/~~ AI Workflow/stem-tutor/sources/papers/9701/2019/w/9701_w19_ms_34.pdf|https://pastpapers.papacambridge.com/directories/CAIE/CAIE-pastpapers/upload/9701_w19_ms_34.pdf|225450
OK|9701|34|2019|w|ci|/Users/sora/Miscellaneous/02 Education/~~ AI Workflow/stem-tutor/sources/papers/9701/2019/w/9701_w19_ci_34.pdf|https://pastpapers.papacambridge.com/directories/CAIE/CAIE-pastpapers/upload/9701_w19_ci_34.pdf|829687
OK|9701||2019|w|er|/Users/sora/Miscellaneous/02 Education/~~ AI Workflow/stem-tutor/sources/papers/9701/2019/w/9701_w19_er.pdf|https://pastpapers.papacambridge.com/directories/CAIE/CAIE-pastpapers/upload/9701_w19_er.pdf|3183486
OK|9701||2019|w|gt|/Users/sora/Miscellaneous/02 Education/~~ AI Workflow/stem-tutor/sources/papers/9701/2019/w/9701_w19_gt.pdf|https://pastpapers.papacambridge.com/directories/CAIE/CAIE-pastpapers/upload/9701_w19_gt.pdf|124022
OK|9701|11|2020|s|qp|/Users/sora/Miscellaneous/02 Education/~~ AI Workflow/stem-tutor/sources/papers/9701/2020/s/9701_s20_qp_11.pdf|https://pastpapers.papacambridge.com/directories/CAIE/CAIE-pastpapers/upload/9701_s20_qp_11.pdf|291138
OK|9701|11|2020|s|ms|/Users/sora/Miscellaneous/02 Education/~~ AI Workflow/stem-tutor/sources/papers/9701/2020/s/9701_s20_ms_11.pdf|https://pastpapers.papacambridge.com/directories/CAIE/CAIE-pastpapers/upload/9701_s20_ms_11.pdf|132898
OK|9701|12|2020|s|qp|/Users/sora/Miscellaneous/02 Education/~~ AI Workflow/stem-tutor/sources/papers/9701/2020/s/9701_s20_qp_12.pdf|https://pastpapers.papacambridge.com/directories/CAIE/CAIE-pastpapers/upload/9701_s20_qp_12.pdf|351460
OK|9701|12|2020|s|ms|/Users/sora/Miscellaneous/02 Education/~~ AI Workflow/stem-tutor/sources/papers/9701/2020/s/9701_s20_ms_12.pdf|https://pastpapers.papacambridge.com/directories/CAIE/CAIE-pastpapers/upload/9701_s20_ms_12.pdf|132890
OK|9701|13|2020|s|qp|/Users/sora/Miscellaneous/02 Education/~~ AI Workflow/stem-tutor/sources/papers/9701/2020/s/9701_s20_qp_13.pdf|https://pastpapers.papacambridge.com/directories/CAIE/CAIE-pastpapers/upload/9701_s20_qp_13.pdf|355162
OK|9701|13|2020|s|ms|/Users/sora/Miscellaneous/02 Education/~~ AI Workflow/stem-tutor/sources/papers/9701/2020/s/9701_s20_ms_13.pdf|https://pastpapers.papacambridge.com/directories/CAIE/CAIE-pastpapers/upload/9701_s20_ms_13.pdf|132901
OK|9701|22|2020|s|qp|/Users/sora/Miscellaneous/02 Education/~~ AI Workflow/stem-tutor/sources/papers/9701/2020/s/9701_s20_qp_22.pdf|https://pastpapers.papacambridge.com/directories/CAIE/CAIE-pastpapers/upload/9701_s20_qp_22.pdf|1060536
OK|9701|22|2020|s|ms|/Users/sora/Miscellaneous/02 Education/~~ AI Workflow/stem-tutor/sources/papers/9701/2020/s/9701_s20_ms_22.pdf|https://pastpapers.papacambridge.com/directories/CAIE/CAIE-pastpapers/upload/9701_s20_ms_22.pdf|270196
OK|9701|33|2020|s|qp|/Users/sora/Miscellaneous/02 Education/~~ AI Workflow/stem-tutor/sources/papers/9701/2020/s/9701_s20_qp_33.pdf|https://pastpapers.papacambridge.com/directories/CAIE/CAIE-pastpapers/upload/9701_s20_qp_33.pdf|1066701
OK|9701|33|2020|s|ms|/Users/sora/Miscellaneous/02 Education/~~ AI Workflow/stem-tutor/sources/papers/9701/2020/s/9701_s20_ms_33.pdf|https://pastpapers.papacambridge.com/directories/CAIE/CAIE-pastpapers/upload/9701_s20_ms_33.pdf|274235
OK|9701|33|2020|s|ci|/Users/sora/Miscellaneous/02 Education/~~ AI Workflow/stem-tutor/sources/papers/9701/2020/s/9701_s20_ci_33.pdf|https://pastpapers.papacambridge.com/directories/CAIE/CAIE-pastpapers/upload/9701_s20_ci_33.pdf|1149073
OK|9701|34|2020|s|qp|/Users/sora/Miscellaneous/02 Education/~~ AI Workflow/stem-tutor/sources/papers/9701/2020/s/9701_s20_qp_34.pdf|https://pastpapers.papacambridge.com/directories/CAIE/CAIE-pastpapers/upload/9701_s20_qp_34.pdf|1062222
OK|9701|34|2020|s|ms|/Users/sora/Miscellaneous/02 Education/~~ AI Workflow/stem-tutor/sources/papers/9701/2020/s/9701_s20_ms_34.pdf|https://pastpapers.papacambridge.com/directories/CAIE/CAIE-pastpapers/upload/9701_s20_ms_34.pdf|271444
OK|9701|34|2020|s|ci|/Users/sora/Miscellaneous/02 Education/~~ AI Workflow/stem-tutor/sources/papers/9701/2020/s/9701_s20_ci_34.pdf|https://pastpapers.papacambridge.com/directories/CAIE/CAIE-pastpapers/upload/9701_s20_ci_34.pdf|1170403
